{"logTime": "0122/110108", "correlationVector":"3kQJRyoYVf9HiGEAoGqZ7T","action":"SyncServerConnectionManagerRequest", "result":"CONNECTION_UNAVAILABLE", "context":{"error_type":"net_error_code", "error_value":"-101"}}
{"logTime": "0122/110130", "correlationVector":"ARnb0ABG903lovjNGp89cS.1","action":"SyncServerConnectionManagerRequest", "result":"SYNC_SERVER_OK", "context":{"environment":"", "migrationStage":"", "server":""}}
{"logTime": "0122/110130", "correlationVector":"ARnb0ABG903lovjNGp89cS.2","action":"EncryptionKeysFetcher.DownloadKeys:", "result":"Success", "context":Key count: 4, Last key timestamp: 2026-01-22T11:01:31Z}
{"logTime": "0122/110130", "correlationVector":"ARnb0ABG903lovjNGp89cS.3","action":"EncryptionKeysManager::SetEncryptionKeys:", "result":"Success", "context":Key names[4]:[mOhKYgdQ+q5yuoZ1dculMAhotBPgMzMn00hVR9oYCbEBvON0pS4zWxkkYiVS9P5HjIy3k++5xPXTPkHhcEih/A==][nP5rlKC08VL/rxYumQwtf8mL46E4pt6bwlYfMiFkYbx+7UBMQ9YvB+gWNB/9KF9XEGbadmV96CrP3qkLTt8Sbw==][K6eZdobuL/7hJDSBKcfU3KJ/sVjdSMm0yON3w4seBXGUAuDy09Ly0vntqGIe6pCIHY5NXa4rNeCToCqBjaWAwg==][xUSazDONr2SI7fsCRqlt/OUzmmsG+XsKsenj+DgQvjpqTRZ6+XvPeq0IIwsBYoQ/ZJI3Wkyd4IKPrf6jrszijA==]}
{"logTime": "0122/110130", "correlationVector":"ARnb0ABG903lovjNGp89cS.4","action":"EncryptionKeysManager::SetEncryptionKeysWithTimestamps:", "result":"Success", "context":Key timestamps[4]:[2024-06-03T07:55:50Z][2024-11-30T14:58:40Z][2025-05-31T07:02:12Z][2026-01-22T11:01:31Z]}
{"logTime": "0122/110147", "correlationVector":"I/0f7yFIz4j4kmcavtiIVl.1","action":"SyncServerConnectionManagerRequest", "result":"SYNC_SERVER_OK", "context":{"environment":"Prod_southeastasia_prod-s01-064-apac-southeastasia", "migrationStage":"NotStarted", "server":"akswtt11000000l"}}
{"logTime": "0122/110147", "correlationVector":"I/0f7yFIz4j4kmcavtiIVl.2","action":"ProcessGetUpdates", "result":"Done", "context":{"dataType":"Encryption Keys", "deleted":"0", "process_failed_to_decrypt":"0", "process_pending_decryption":"0", "process_success":"1", "total":"1"}}
{"logTime": "0122/110147", "correlationVector":"3kQJRyoYVf9HiGEAoGqZ7T","action":"Initial GetUpdates", "result":"", "context":Reason: NEW_CLIENT. cV=3kQJRyoYVf9HiGEAoGqZ7T}
{"logTime": "0122/110147", "correlationVector":"ARnb0ABG903lovjNGp89cS.0","action":"GetUpdates Response", "result":"Network error (ERR_CONNECTION_RESET)", "context":Received error: Network error (ERR_CONNECTION_RESET). }
{"logTime": "0122/110147", "correlationVector":"I/0f7yFIz4j4kmcavtiIVl","action":"Initial GetUpdates", "result":"", "context":Reason: NEW_CLIENT. cV=I/0f7yFIz4j4kmcavtiIVl}
{"logTime": "0122/110147", "correlationVector":"I/0f7yFIz4j4kmcavtiIVl.3","action":"GetUpdates Response", "result":"Success", "context":Received 1 update(s). cV=I/0f7yFIz4j4kmcavtiIVl.0;server=akswtt11000000l;cloudType=Consumer;environment=Prod_southeastasia_prod-s01-064-apac-southeastasia;migrationStage=NotStarted}
{"logTime": "0122/110148", "correlationVector":"j5lE2O5a+5oa/y9V93da6K","action":"Initial GetUpdates", "result":"", "context":Reason: NEW_CLIENT. cV=j5lE2O5a+5oa/y9V93da6K}
{"logTime": "0122/110148", "correlationVector":"j5lE2O5a+5oa/y9V93da6K.1","action":"SyncServerConnectionManagerRequest", "result":"SYNC_SERVER_OK", "context":{"environment":"Prod_southeastasia_prod-s01-064-apac-southeastasia", "migrationStage":"NotStarted", "server":"akswtt11000000q"}}
{"logTime": "0122/110148", "correlationVector":"j5lE2O5a+5oa/y9V93da6K.2","action":"ProcessGetUpdates", "result":"Done", "context":{"dataType":"Preferences", "deleted":"0", "process_failed_to_decrypt":"0", "process_pending_decryption":"0", "process_success":"73", "total":"73"}}
{"logTime": "0122/110148", "correlationVector":"j5lE2O5a+5oa/y9V93da6K.3","action":"ProcessGetUpdates", "result":"Done", "context":{"dataType":"Passwords", "deleted":"0", "process_failed_to_decrypt":"0", "process_pending_decryption":"0", "process_success":"28", "total":"28"}}
{"logTime": "0122/110148", "correlationVector":"j5lE2O5a+5oa/y9V93da6K.4","action":"GetUpdates Response", "result":"Success", "context":Received 101 update(s). cV=j5lE2O5a+5oa/y9V93da6K.0;server=akswtt11000000q;cloudType=Consumer;environment=Prod_southeastasia_prod-s01-064-apac-southeastasia;migrationStage=NotStarted}
{"logTime": "0122/110148", "correlationVector":"DGzYsnubHFxO4ADoBQGZuI","action":"Initial GetUpdates", "result":"", "context":Reason: NEW_CLIENT. cV=DGzYsnubHFxO4ADoBQGZuI}
{"logTime": "0122/110148", "correlationVector":"DGzYsnubHFxO4ADoBQGZuI.1","action":"SyncServerConnectionManagerRequest", "result":"SYNC_SERVER_OK", "context":{"environment":"Prod_southeastasia_prod-s01-064-apac-southeastasia", "migrationStage":"NotStarted", "server":"akswtt11000000k"}}
{"logTime": "0122/110148", "correlationVector":"DGzYsnubHFxO4ADoBQGZuI.2","action":"ProcessGetUpdates", "result":"Done", "context":{"dataType":"Bookmarks", "deleted":"0", "process_failed_to_decrypt":"0", "process_pending_decryption":"0", "process_success":"26", "total":"26"}}
{"logTime": "0122/110148", "correlationVector":"DGzYsnubHFxO4ADoBQGZuI.3","action":"GetUpdates Response", "result":"Success", "context":Received 26 update(s). cV=DGzYsnubHFxO4ADoBQGZuI.0;server=akswtt11000000k;cloudType=Consumer;environment=Prod_southeastasia_prod-s01-064-apac-southeastasia;migrationStage=NotStarted}
{"logTime": "0122/110148", "correlationVector":"1KsHNOL3dsR6CtpfWP7Zeg","action":"Initial GetUpdates", "result":"", "context":Reason: NEW_CLIENT. cV=1KsHNOL3dsR6CtpfWP7Zeg}
{"logTime": "0122/110149", "correlationVector":"1KsHNOL3dsR6CtpfWP7Zeg.1","action":"SyncServerConnectionManagerRequest", "result":"SYNC_SERVER_OK", "context":{"environment":"Prod_southeastasia_prod-s01-064-apac-southeastasia", "migrationStage":"NotStarted", "server":"akswtt110000010"}}
{"logTime": "0122/110149", "correlationVector":"1KsHNOL3dsR6CtpfWP7Zeg.2","action":"ProcessGetUpdates", "result":"Done", "context":{"dataType":"Autofill Profiles", "deleted":"0", "process_failed_to_decrypt":"0", "process_pending_decryption":"0", "process_success":"44", "total":"44"}}
{"logTime": "0122/110149", "correlationVector":"1KsHNOL3dsR6CtpfWP7Zeg.3","action":"ProcessGetUpdates", "result":"Done", "context":{"dataType":"Autofill", "deleted":"0", "process_failed_to_decrypt":"0", "process_pending_decryption":"0", "process_success":"185", "total":"185"}}
{"logTime": "0122/110149", "correlationVector":"1KsHNOL3dsR6CtpfWP7Zeg.4","action":"ProcessGetUpdates", "result":"Done", "context":{"dataType":"Extensions", "deleted":"0", "process_failed_to_decrypt":"0", "process_pending_decryption":"0", "process_success":"3", "total":"3"}}
{"logTime": "0122/110149", "correlationVector":"1KsHNOL3dsR6CtpfWP7Zeg.5","action":"ProcessGetUpdates", "result":"Done", "context":{"dataType":"Extension settings", "deleted":"0", "process_failed_to_decrypt":"0", "process_pending_decryption":"0", "process_success":"1", "total":"1"}}
{"logTime": "0122/110149", "correlationVector":"1KsHNOL3dsR6CtpfWP7Zeg.6","action":"ProcessGetUpdates", "result":"Done", "context":{"dataType":"Web Apps", "deleted":"0", "process_failed_to_decrypt":"0", "process_pending_decryption":"0", "process_success":"12", "total":"12"}}
{"logTime": "0122/110149", "correlationVector":"1KsHNOL3dsR6CtpfWP7Zeg.7","action":"ProcessGetUpdates", "result":"Done", "context":{"dataType":"Saved Tab Group", "deleted":"0", "process_failed_to_decrypt":"0", "process_pending_decryption":"0", "process_success":"5", "total":"5"}}
{"logTime": "0122/110149", "correlationVector":"1KsHNOL3dsR6CtpfWP7Zeg.8","action":"GetUpdates Response", "result":"Success", "context":Received 250 update(s). cV=1KsHNOL3dsR6CtpfWP7Zeg.0;server=akswtt110000010;cloudType=Consumer;environment=Prod_southeastasia_prod-s01-064-apac-southeastasia;migrationStage=NotStarted Some updates remain.}
{"logTime": "0122/110149", "correlationVector":"E4/TA8Hux2k+wzGeqKOCf0","action":"Initial GetUpdates", "result":"", "context":Reason: NEW_CLIENT. cV=E4/TA8Hux2k+wzGeqKOCf0}
{"logTime": "0122/110150", "correlationVector":"E4/TA8Hux2k+wzGeqKOCf0.1","action":"SyncServerConnectionManagerRequest", "result":"SYNC_SERVER_OK", "context":{"environment":"Prod_southeastasia_prod-s01-064-apac-southeastasia", "migrationStage":"NotStarted", "server":"akswtt110000011"}}
{"logTime": "0122/110150", "correlationVector":"E4/TA8Hux2k+wzGeqKOCf0.2","action":"ProcessGetUpdates", "result":"Done", "context":{"dataType":"Autofill", "deleted":"0", "process_failed_to_decrypt":"0", "process_pending_decryption":"0", "process_success":"3", "total":"3"}}
{"logTime": "0122/110150", "correlationVector":"E4/TA8Hux2k+wzGeqKOCf0.3","action":"GetUpdates Response", "result":"Success", "context":Received 3 update(s). cV=E4/TA8Hux2k+wzGeqKOCf0.0;server=akswtt110000011;cloudType=Consumer;environment=Prod_southeastasia_prod-s01-064-apac-southeastasia;migrationStage=NotStarted}
{"logTime": "0122/110150", "correlationVector":"LolD36UOPrAbrvmo7Eq+ME","action":"Initial GetUpdates", "result":"", "context":Reason: NEW_CLIENT. cV=LolD36UOPrAbrvmo7Eq+ME}
{"logTime": "0122/110150", "correlationVector":"LolD36UOPrAbrvmo7Eq+ME.1","action":"SyncServerConnectionManagerRequest", "result":"SYNC_SERVER_OK", "context":{"environment":"Prod_southeastasia_prod-s01-064-apac-southeastasia", "migrationStage":"NotStarted", "server":"akswtt110000006"}}
{"logTime": "0122/110150", "correlationVector":"LolD36UOPrAbrvmo7Eq+ME.2","action":"GetUpdates Response", "result":"Success", "context":Received 0 update(s). cV=LolD36UOPrAbrvmo7Eq+ME.0;server=akswtt110000006;cloudType=Consumer;environment=Prod_southeastasia_prod-s01-064-apac-southeastasia;migrationStage=NotStarted}
{"logTime": "0122/110150", "correlationVector":"hrj6izloWZH2niXiDsDsTN","action":"Normal GetUpdate request", "result":"", "context":cV=hrj6izloWZH2niXiDsDsTN
Nudged types: Bookmarks, Sessions, Device Info, User Consents
Refresh requested types: Bookmarks, Preferences, Passwords, Autofill Profiles, Autofill, Extensions, Sessions, Extension settings, History Delete Directives, Device Info, User Consents, Send Tab To Self, Web Apps, History, Saved Tab Group, WebAuthn Credentials, Collection, Edge E Drop, Edge Hub App Usage, Edge Wallet, Encryption Keys}
{"logTime": "0122/110155", "correlationVector":"hrj6izloWZH2niXiDsDsTN.1","action":"SyncServerConnectionManagerRequest", "result":"SYNC_SERVER_OK", "context":{"environment":"Prod_southeastasia_prod-s01-064-apac-southeastasia", "migrationStage":"NotStarted", "server":"akswtt11000000q"}}
{"logTime": "0122/110155", "correlationVector":"hrj6izloWZH2niXiDsDsTN.2","action":"GetUpdates Response", "result":"Success", "context":Received 0 update(s). cV=hrj6izloWZH2niXiDsDsTN.0;server=akswtt11000000q;cloudType=Consumer;environment=Prod_southeastasia_prod-s01-064-apac-southeastasia;migrationStage=NotStarted}
{"logTime": "0122/110155", "correlationVector":"sBfTNo0+HK0mIaull/YPnj","action":"Commit Request", "result":"", "context":Item count: 35
Contributing types: Bookmarks, Preferences, Passwords, Sessions, Device Info, User Consents}
{"logTime": "0122/110159", "correlationVector":"sBfTNo0+HK0mIaull/YPnj.1","action":"SyncServerConnectionManagerRequest", "result":"SYNC_SERVER_OK", "context":{"environment":"Prod_southeastasia_prod-s01-064-apac-southeastasia", "migrationStage":"NotStarted", "server":"akswtt110000010"}}
{"logTime": "0122/110159", "correlationVector":"sBfTNo0+HK0mIaull/YPnj.2","action":"Commit Response", "result":"Success", "context":Result: Success. cV=sBfTNo0+HK0mIaull/YPnj.0;server=akswtt110000010;cloudType=Consumer;environment=Prod_southeastasia_prod-s01-064-apac-southeastasia;migrationStage=NotStarted}
{"logTime": "0122/110421", "correlationVector":"fxNOdk4wGk4s/jW80qQxVw","action":"Commit Request", "result":"", "context":Item count: 5
Contributing types: Preferences, Sessions, History}
{"logTime": "0122/110423", "correlationVector":"fxNOdk4wGk4s/jW80qQxVw.1","action":"SyncServerConnectionManagerRequest", "result":"SYNC_SERVER_OK", "context":{"environment":"Prod_southeastasia_prod-s01-064-apac-southeastasia", "migrationStage":"NotStarted", "server":"akswtt110000014"}}
{"logTime": "0122/110423", "correlationVector":"fxNOdk4wGk4s/jW80qQxVw.2","action":"Commit Response", "result":"Success", "context":Result: Success. cV=fxNOdk4wGk4s/jW80qQxVw.0;server=akswtt110000014;cloudType=Consumer;environment=Prod_southeastasia_prod-s01-064-apac-southeastasia;migrationStage=NotStarted}
{"logTime": "0122/110519", "correlationVector":"At5BUhIBtg7V6cfPOABLiG","action":"Commit Request", "result":"", "context":Item count: 5
Contributing types: Preferences, Sessions, History}
{"logTime": "0122/110520", "correlationVector":"At5BUhIBtg7V6cfPOABLiG.1","action":"SyncServerConnectionManagerRequest", "result":"SYNC_SERVER_OK", "context":{"environment":"Prod_southeastasia_prod-s01-064-apac-southeastasia", "migrationStage":"NotStarted", "server":"akswtt110000008"}}
{"logTime": "0122/110520", "correlationVector":"At5BUhIBtg7V6cfPOABLiG.2","action":"Commit Response", "result":"Success", "context":Result: Success. cV=At5BUhIBtg7V6cfPOABLiG.0;server=akswtt110000008;cloudType=Consumer;environment=Prod_southeastasia_prod-s01-064-apac-southeastasia;migrationStage=NotStarted}
{"logTime": "0122/111743", "correlationVector":"2da4K43wuWDKiwoyu5bsg5","action":"Commit Request", "result":"", "context":Item count: 21
Contributing types: Preferences, Sessions, History}
{"logTime": "0122/111745", "correlationVector":"2da4K43wuWDKiwoyu5bsg5.1","action":"SyncServerConnectionManagerRequest", "result":"SYNC_SERVER_OK", "context":{"environment":"Prod_southeastasia_prod-s01-064-apac-southeastasia", "migrationStage":"NotStarted", "server":"akswtt11000000a"}}
{"logTime": "0122/111745", "correlationVector":"2da4K43wuWDKiwoyu5bsg5.2","action":"Commit Response", "result":"Success", "context":Result: Success. cV=2da4K43wuWDKiwoyu5bsg5.0;server=akswtt11000000a;cloudType=Consumer;environment=Prod_southeastasia_prod-s01-064-apac-southeastasia;migrationStage=NotStarted}
{"logTime": "0122/113502", "correlationVector":"sFM1Xts7G+9+lNbpbml/uB.1","action":"SyncServerConnectionManagerRequest", "result":"SYNC_SERVER_OK", "context":{"environment":"Prod_southeastasia_prod-s01-064-apac-southeastasia", "migrationStage":"NotStarted", "server":"akswtt11000000j"}}
{"logTime": "0122/113502", "correlationVector":"sFM1Xts7G+9+lNbpbml/uB.2","action":"ProcessGetUpdates", "result":"Done", "context":{"dataType":"Encryption Keys", "deleted":"0", "process_failed_to_decrypt":"0", "process_pending_decryption":"0", "process_success":"1", "total":"1"}}
{"logTime": "0122/113503", "correlationVector":"HjGeYwHu/0KscGndSHf8F2","action":"SyncServerConnectionManagerRequest", "result":"SYNC_SERVER_OK", "context":{"environment":"", "migrationStage":"", "server":""}}
{"logTime": "0122/113503", "correlationVector":"HjGeYwHu/0KscGndSHf8F2.0","action":"EncryptionKeysFetcher.DownloadKeys:", "result":"Success", "context":Key count: 4, Last key timestamp: 2026-01-22T11:01:31Z}
{"logTime": "0122/113503", "correlationVector":"HjGeYwHu/0KscGndSHf8F2.1","action":"EncryptionKeysManager::SetEncryptionKeys:", "result":"Success", "context":Key names[4]:[mOhKYgdQ+q5yuoZ1dculMAhotBPgMzMn00hVR9oYCbEBvON0pS4zWxkkYiVS9P5HjIy3k++5xPXTPkHhcEih/A==][nP5rlKC08VL/rxYumQwtf8mL46E4pt6bwlYfMiFkYbx+7UBMQ9YvB+gWNB/9KF9XEGbadmV96CrP3qkLTt8Sbw==][K6eZdobuL/7hJDSBKcfU3KJ/sVjdSMm0yON3w4seBXGUAuDy09Ly0vntqGIe6pCIHY5NXa4rNeCToCqBjaWAwg==][xUSazDONr2SI7fsCRqlt/OUzmmsG+XsKsenj+DgQvjpqTRZ6+XvPeq0IIwsBYoQ/ZJI3Wkyd4IKPrf6jrszijA==]}
{"logTime": "0122/113503", "correlationVector":"HjGeYwHu/0KscGndSHf8F2.2","action":"EncryptionKeysManager::SetEncryptionKeysWithTimestamps:", "result":"Success", "context":Key timestamps[4]:[2024-06-03T07:55:50Z][2024-11-30T14:58:40Z][2025-05-31T07:02:12Z][2026-01-22T11:01:31Z]}
{"logTime": "0122/113503", "correlationVector":"sFM1Xts7G+9+lNbpbml/uB","action":"Initial GetUpdates", "result":"", "context":Reason: NEW_CLIENT. cV=sFM1Xts7G+9+lNbpbml/uB}
{"logTime": "0122/113503", "correlationVector":"sFM1Xts7G+9+lNbpbml/uB.3","action":"GetUpdates Response", "result":"Success", "context":Received 1 update(s). cV=sFM1Xts7G+9+lNbpbml/uB.0;server=akswtt11000000j;cloudType=Consumer;environment=Prod_southeastasia_prod-s01-064-apac-southeastasia;migrationStage=NotStarted}
{"logTime": "0122/113503", "correlationVector":"29b0azotN9l8Zt6Yuw+Vm1","action":"Initial GetUpdates", "result":"", "context":Reason: NEWLY_SUPPORTED_DATATYPE. cV=29b0azotN9l8Zt6Yuw+Vm1}
{"logTime": "0122/113503", "correlationVector":"29b0azotN9l8Zt6Yuw+Vm1.1","action":"SyncServerConnectionManagerRequest", "result":"SYNC_SERVER_OK", "context":{"environment":"Prod_southeastasia_prod-s01-064-apac-southeastasia", "migrationStage":"NotStarted", "server":"akswtt11000000f"}}
{"logTime": "0122/113503", "correlationVector":"29b0azotN9l8Zt6Yuw+Vm1.2","action":"ProcessGetUpdates", "result":"Done", "context":{"dataType":"Passwords", "deleted":"7", "process_failed_to_decrypt":"0", "process_pending_decryption":"0", "process_success":"35", "total":"35"}}
{"logTime": "0122/113503", "correlationVector":"29b0azotN9l8Zt6Yuw+Vm1.3","action":"GetUpdates Response", "result":"Success", "context":Received 35 update(s). cV=29b0azotN9l8Zt6Yuw+Vm1.0;server=akswtt11000000f;cloudType=Consumer;environment=Prod_southeastasia_prod-s01-064-apac-southeastasia;migrationStage=NotStarted}
{"logTime": "0122/113503", "correlationVector":"2jQ55ZCLVZg6Jfoqij/E3A","action":"Normal GetUpdate request", "result":"", "context":cV=2jQ55ZCLVZg6Jfoqij/E3A
Nudged types: Sessions, Device Info, History, Encryption Keys
Refresh requested types: Bookmarks, Preferences, Passwords, Autofill Profiles, Autofill, Extensions, Sessions, Extension settings, History Delete Directives, Device Info, User Consents, Send Tab To Self, Web Apps, History, Saved Tab Group, WebAuthn Credentials, Collection, Edge E Drop, Edge Hub App Usage, Edge Wallet, Encryption Keys}
{"logTime": "0122/113503", "correlationVector":"2jQ55ZCLVZg6Jfoqij/E3A.1","action":"SyncServerConnectionManagerRequest", "result":"SYNC_SERVER_OK", "context":{"environment":"Prod_southeastasia_prod-s01-064-apac-southeastasia", "migrationStage":"NotStarted", "server":"akswtt11000000q"}}
{"logTime": "0122/113503", "correlationVector":"2jQ55ZCLVZg6Jfoqij/E3A.2","action":"ProcessGetUpdates", "result":"Done", "context":{"dataType":"Bookmarks", "deleted":"0", "process_failed_to_decrypt":"0", "process_pending_decryption":"0", "process_success":"1", "total":"1"}}
{"logTime": "0122/113503", "correlationVector":"2jQ55ZCLVZg6Jfoqij/E3A.3","action":"ProcessGetUpdates", "result":"Done", "context":{"dataType":"Preferences", "deleted":"0", "process_failed_to_decrypt":"0", "process_pending_decryption":"0", "process_success":"4", "total":"4"}}
{"logTime": "0122/113503", "correlationVector":"2jQ55ZCLVZg6Jfoqij/E3A.4","action":"ProcessGetUpdates", "result":"Done", "context":{"dataType":"Sessions", "deleted":"0", "process_failed_to_decrypt":"0", "process_pending_decryption":"0", "process_success":"2", "total":"2"}}
{"logTime": "0122/113503", "correlationVector":"2jQ55ZCLVZg6Jfoqij/E3A.5","action":"ProcessGetUpdates", "result":"Done", "context":{"dataType":"History", "deleted":"0", "process_failed_to_decrypt":"0", "process_pending_decryption":"0", "process_success":"23", "total":"23"}}
{"logTime": "0122/113503", "correlationVector":"2jQ55ZCLVZg6Jfoqij/E3A.6","action":"GetUpdates Response", "result":"Success", "context":Received 30 update(s). cV=2jQ55ZCLVZg6Jfoqij/E3A.0;server=akswtt11000000q;cloudType=Consumer;environment=Prod_southeastasia_prod-s01-064-apac-southeastasia;migrationStage=NotStarted}
{"logTime": "0122/113503", "correlationVector":"QbuT+MMVnseaOjDVYE/VAl","action":"Commit Request", "result":"", "context":Item count: 1
Contributing types: Encryption Keys}
{"logTime": "0122/113504", "correlationVector":"QbuT+MMVnseaOjDVYE/VAl.1","action":"SyncServerConnectionManagerRequest", "result":"SYNC_SERVER_OK", "context":{"environment":"Prod_southeastasia_prod-s01-064-apac-southeastasia", "migrationStage":"NotStarted", "server":"akswtt11000000j"}}
{"logTime": "0122/113504", "correlationVector":"QbuT+MMVnseaOjDVYE/VAl.2","action":"Commit Response", "result":"Success", "context":Result: Success. cV=QbuT+MMVnseaOjDVYE/VAl.0;server=akswtt11000000j;cloudType=Consumer;environment=Prod_southeastasia_prod-s01-064-apac-southeastasia;migrationStage=NotStarted}
{"logTime": "0122/113504", "correlationVector":"9HyuyLLLciRbbDYAXUiyMp","action":"Commit Request", "result":"", "context":Item count: 40
Contributing types: Passwords, Autofill Profiles, Device Info}
{"logTime": "0122/113506", "correlationVector":"9HyuyLLLciRbbDYAXUiyMp.1","action":"SyncServerConnectionManagerRequest", "result":"SYNC_SERVER_OK", "context":{"environment":"Prod_southeastasia_prod-s01-064-apac-southeastasia", "migrationStage":"NotStarted", "server":"akswtt110000005"}}
{"logTime": "0122/113506", "correlationVector":"9HyuyLLLciRbbDYAXUiyMp.2","action":"Commit Response", "result":"Success", "context":Result: Success. cV=9HyuyLLLciRbbDYAXUiyMp.0;server=akswtt110000005;cloudType=Consumer;environment=Prod_southeastasia_prod-s01-064-apac-southeastasia;migrationStage=NotStarted}
{"logTime": "0122/113506", "correlationVector":"xwqcfi18Q99i70esdcC/wb","action":"Commit Request", "result":"", "context":Item count: 40
Contributing types: Autofill Profiles, Autofill}
{"logTime": "0122/113509", "correlationVector":"xwqcfi18Q99i70esdcC/wb.1","action":"SyncServerConnectionManagerRequest", "result":"SYNC_SERVER_OK", "context":{"environment":"Prod_southeastasia_prod-s01-064-apac-southeastasia", "migrationStage":"NotStarted", "server":"akswtt110000014"}}
{"logTime": "0122/113509", "correlationVector":"xwqcfi18Q99i70esdcC/wb.2","action":"Commit Response", "result":"Success", "context":Result: Success. cV=xwqcfi18Q99i70esdcC/wb.0;server=akswtt110000014;cloudType=Consumer;environment=Prod_southeastasia_prod-s01-064-apac-southeastasia;migrationStage=NotStarted}
{"logTime": "0122/113509", "correlationVector":"aJJEHRq6d4yvDqP/etsyul","action":"Commit Request", "result":"", "context":Item count: 40
Contributing types: Preferences, Autofill}
{"logTime": "0122/113511", "correlationVector":"aJJEHRq6d4yvDqP/etsyul.1","action":"SyncServerConnectionManagerRequest", "result":"SYNC_SERVER_OK", "context":{"environment":"Prod_southeastasia_prod-s01-064-apac-southeastasia", "migrationStage":"NotStarted", "server":"akswtt11000000n"}}
{"logTime": "0122/113511", "correlationVector":"aJJEHRq6d4yvDqP/etsyul.2","action":"Commit Response", "result":"Success", "context":Result: Success. cV=aJJEHRq6d4yvDqP/etsyul.0;server=akswtt11000000n;cloudType=Consumer;environment=Prod_southeastasia_prod-s01-064-apac-southeastasia;migrationStage=NotStarted}
{"logTime": "0122/113511", "correlationVector":"mnKVkNHrp1VEpbiuPdQbFW","action":"Commit Request", "result":"", "context":Item count: 40
Contributing types: Autofill}
{"logTime": "0122/113513", "correlationVector":"mnKVkNHrp1VEpbiuPdQbFW.1","action":"SyncServerConnectionManagerRequest", "result":"SYNC_SERVER_OK", "context":{"environment":"Prod_southeastasia_prod-s01-064-apac-southeastasia", "migrationStage":"NotStarted", "server":"akswtt110000010"}}
{"logTime": "0122/113513", "correlationVector":"mnKVkNHrp1VEpbiuPdQbFW.2","action":"Commit Response", "result":"Success", "context":Result: Success. cV=mnKVkNHrp1VEpbiuPdQbFW.0;server=akswtt110000010;cloudType=Consumer;environment=Prod_southeastasia_prod-s01-064-apac-southeastasia;migrationStage=NotStarted}
{"logTime": "0122/113513", "correlationVector":"ba4MtaUdryJr+O2owkCpzQ","action":"Commit Request", "result":"", "context":Item count: 40
Contributing types: Autofill}
{"logTime": "0122/113515", "correlationVector":"ba4MtaUdryJr+O2owkCpzQ.1","action":"SyncServerConnectionManagerRequest", "result":"SYNC_SERVER_OK", "context":{"environment":"Prod_southeastasia_prod-s01-064-apac-southeastasia", "migrationStage":"NotStarted", "server":"akswtt110000010"}}
{"logTime": "0122/113515", "correlationVector":"ba4MtaUdryJr+O2owkCpzQ.2","action":"Commit Response", "result":"Success", "context":Result: Success. cV=ba4MtaUdryJr+O2owkCpzQ.0;server=akswtt110000010;cloudType=Consumer;environment=Prod_southeastasia_prod-s01-064-apac-southeastasia;migrationStage=NotStarted}
{"logTime": "0122/113515", "correlationVector":"0uaVJdKtQguN5ubmvJxPRT","action":"Commit Request", "result":"", "context":Item count: 40
Contributing types: Autofill}
{"logTime": "0122/113518", "correlationVector":"0uaVJdKtQguN5ubmvJxPRT.1","action":"SyncServerConnectionManagerRequest", "result":"SYNC_SERVER_OK", "context":{"environment":"Prod_southeastasia_prod-s01-064-apac-southeastasia", "migrationStage":"NotStarted", "server":"akswtt110000004"}}
{"logTime": "0122/113518", "correlationVector":"0uaVJdKtQguN5ubmvJxPRT.2","action":"Commit Response", "result":"Success", "context":Result: Success. cV=0uaVJdKtQguN5ubmvJxPRT.0;server=akswtt110000004;cloudType=Consumer;environment=Prod_southeastasia_prod-s01-064-apac-southeastasia;migrationStage=NotStarted}
{"logTime": "0122/113518", "correlationVector":"HHLVL9duXNn2eQORVdPqwH","action":"Commit Request", "result":"", "context":Item count: 25
Contributing types: Autofill, Sessions, History}
{"logTime": "0122/113519", "correlationVector":"HHLVL9duXNn2eQORVdPqwH.1","action":"SyncServerConnectionManagerRequest", "result":"SYNC_SERVER_OK", "context":{"environment":"Prod_southeastasia_prod-s01-064-apac-southeastasia", "migrationStage":"NotStarted", "server":"akswtt11000000n"}}
{"logTime": "0122/113519", "correlationVector":"HHLVL9duXNn2eQORVdPqwH.2","action":"Commit Response", "result":"Success", "context":Result: Success. cV=HHLVL9duXNn2eQORVdPqwH.0;server=akswtt11000000n;cloudType=Consumer;environment=Prod_southeastasia_prod-s01-064-apac-southeastasia;migrationStage=NotStarted}
{"logTime": "0122/113519", "correlationVector":"VpPwiq+HcYUD1oD67vSwE5","action":"Commit Request", "result":"", "context":Item count: 28
Contributing types: Passwords}
{"logTime": "0122/113521", "correlationVector":"VpPwiq+HcYUD1oD67vSwE5.1","action":"SyncServerConnectionManagerRequest", "result":"SYNC_SERVER_OK", "context":{"environment":"Prod_southeastasia_prod-s01-064-apac-southeastasia", "migrationStage":"NotStarted", "server":"akswtt11000000u"}}
{"logTime": "0122/113521", "correlationVector":"VpPwiq+HcYUD1oD67vSwE5.2","action":"Commit Response", "result":"Success", "context":Result: Success. cV=VpPwiq+HcYUD1oD67vSwE5.0;server=akswtt11000000u;cloudType=Consumer;environment=Prod_southeastasia_prod-s01-064-apac-southeastasia;migrationStage=NotStarted}
{"logTime": "0122/113706", "correlationVector":"Ip4PgUyq+lVaysqJTEqBn7","action":"Commit Request", "result":"", "context":Item count: 8
Contributing types: Preferences, Sessions, History}
{"logTime": "0122/113707", "correlationVector":"Ip4PgUyq+lVaysqJTEqBn7.1","action":"SyncServerConnectionManagerRequest", "result":"SYNC_SERVER_OK", "context":{"environment":"Prod_southeastasia_prod-s01-064-apac-southeastasia", "migrationStage":"NotStarted", "server":"akswtt11000000y"}}
{"logTime": "0122/113707", "correlationVector":"Ip4PgUyq+lVaysqJTEqBn7.2","action":"Commit Response", "result":"Success", "context":Result: Success. cV=Ip4PgUyq+lVaysqJTEqBn7.0;server=akswtt11000000y;cloudType=Consumer;environment=Prod_southeastasia_prod-s01-064-apac-southeastasia;migrationStage=NotStarted}
{"logTime": "0122/113717", "correlationVector":"rFTPzaxGNozlE33jLy0c7E","action":"Commit Request", "result":"", "context":Item count: 5
Contributing types: Preferences, Sessions, History}
{"logTime": "0122/113717", "correlationVector":"rFTPzaxGNozlE33jLy0c7E.1","action":"SyncServerConnectionManagerRequest", "result":"SYNC_SERVER_OK", "context":{"environment":"Prod_southeastasia_prod-s01-064-apac-southeastasia", "migrationStage":"NotStarted", "server":"akswtt110000010"}}
{"logTime": "0122/113717", "correlationVector":"rFTPzaxGNozlE33jLy0c7E.2","action":"Commit Response", "result":"Success", "context":Result: Success. cV=rFTPzaxGNozlE33jLy0c7E.0;server=akswtt110000010;cloudType=Consumer;environment=Prod_southeastasia_prod-s01-064-apac-southeastasia;migrationStage=NotStarted}
{"logTime": "0122/113927", "correlationVector":"mrbUV0jg5db66y0a5XjxHm.1","action":"SyncServerConnectionManagerRequest", "result":"SYNC_SERVER_OK", "context":{"environment":"Prod_southeastasia_prod-s01-064-apac-southeastasia", "migrationStage":"NotStarted", "server":"akswtt110000010"}}
{"logTime": "0122/113927", "correlationVector":"mrbUV0jg5db66y0a5XjxHm.2","action":"ProcessGetUpdates", "result":"Done", "context":{"dataType":"Encryption Keys", "deleted":"0", "process_failed_to_decrypt":"0", "process_pending_decryption":"0", "process_success":"1", "total":"1"}}
{"logTime": "0122/113928", "correlationVector":"ScTIbAQfW5j4vo3D9TVHO1","action":"SyncServerConnectionManagerRequest", "result":"SYNC_SERVER_ERROR", "context":{"environment":"", "error_type":"http_status_code", "error_value":"400", "migrationStage":"", "server":""}}
{"logTime": "0122/113928", "correlationVector":"mrbUV0jg5db66y0a5XjxHm","action":"Initial GetUpdates", "result":"", "context":Reason: NEW_CLIENT. cV=mrbUV0jg5db66y0a5XjxHm}
{"logTime": "0122/113928", "correlationVector":"mrbUV0jg5db66y0a5XjxHm.3","action":"GetUpdates Response", "result":"Success", "context":Received 1 update(s). cV=mrbUV0jg5db66y0a5XjxHm.0;server=akswtt110000010;cloudType=Consumer;environment=Prod_southeastasia_prod-s01-064-apac-southeastasia;migrationStage=NotStarted}
{"logTime": "0122/113928", "correlationVector":"jL1WrcX86RwYX3F1XZT1hT","action":"Initial GetUpdates", "result":"", "context":Reason: NEWLY_SUPPORTED_DATATYPE. cV=jL1WrcX86RwYX3F1XZT1hT}
{"logTime": "0122/113929", "correlationVector":"jL1WrcX86RwYX3F1XZT1hT.1","action":"SyncServerConnectionManagerRequest", "result":"SYNC_SERVER_OK", "context":{"environment":"Prod_southeastasia_prod-s01-065-apac-southeastasia", "migrationStage":"NotStarted", "server":"akswtt110000014"}}
{"logTime": "0122/113929", "correlationVector":"jL1WrcX86RwYX3F1XZT1hT.2","action":"ProcessGetUpdates", "result":"Done", "context":{"dataType":"Preferences", "deleted":"0", "process_failed_to_decrypt":"0", "process_pending_decryption":"0", "process_success":"75", "total":"75"}}
{"logTime": "0122/113929", "correlationVector":"jL1WrcX86RwYX3F1XZT1hT.3","action":"GetUpdates Response", "result":"Success", "context":Received 75 update(s). cV=jL1WrcX86RwYX3F1XZT1hT.0;server=akswtt110000014;cloudType=Consumer;environment=Prod_southeastasia_prod-s01-065-apac-southeastasia;migrationStage=NotStarted}
{"logTime": "0122/113930", "correlationVector":"DeoB5lXZLtsHKZ32K4Y2dZ","action":"SyncServerConnectionManagerRequest", "result":"SYNC_SERVER_ERROR", "context":{"environment":"", "error_type":"http_status_code", "error_value":"400", "migrationStage":"", "server":""}}
{"logTime": "0122/113930", "correlationVector":"yPYDEd37wBXiJNAYZo9owr","action":"Initial GetUpdates", "result":"", "context":Reason: NEWLY_SUPPORTED_DATATYPE. cV=yPYDEd37wBXiJNAYZo9owr}
{"logTime": "0122/113930", "correlationVector":"yPYDEd37wBXiJNAYZo9owr.1","action":"SyncServerConnectionManagerRequest", "result":"SYNC_SERVER_OK", "context":{"environment":"Prod_southeastasia_prod-s01-065-apac-southeastasia", "migrationStage":"NotStarted", "server":"akswtt11000000d"}}
{"logTime": "0122/113930", "correlationVector":"yPYDEd37wBXiJNAYZo9owr.2","action":"ProcessGetUpdates", "result":"Done", "context":{"dataType":"Bookmarks", "deleted":"0", "process_failed_to_decrypt":"0", "process_pending_decryption":"0", "process_success":"27", "total":"27"}}
{"logTime": "0122/113930", "correlationVector":"yPYDEd37wBXiJNAYZo9owr.3","action":"GetUpdates Response", "result":"Success", "context":Received 27 update(s). cV=yPYDEd37wBXiJNAYZo9owr.0;server=akswtt11000000d;cloudType=Consumer;environment=Prod_southeastasia_prod-s01-065-apac-southeastasia;migrationStage=NotStarted}
{"logTime": "0122/113931", "correlationVector":"6va/DRtGdHUu3Agt3um3Sp","action":"SyncServerConnectionManagerRequest", "result":"SYNC_SERVER_ERROR", "context":{"environment":"", "error_type":"http_status_code", "error_value":"400", "migrationStage":"", "server":""}}
{"logTime": "0122/113931", "correlationVector":"htjOMoPO8vAj7ScFjubP+X","action":"Initial GetUpdates", "result":"", "context":Reason: NEWLY_SUPPORTED_DATATYPE. cV=htjOMoPO8vAj7ScFjubP+X}
{"logTime": "0122/113931", "correlationVector":"htjOMoPO8vAj7ScFjubP+X.1","action":"SyncServerConnectionManagerRequest", "result":"SYNC_SERVER_OK", "context":{"environment":"Prod_southeastasia_prod-s01-065-apac-southeastasia", "migrationStage":"NotStarted", "server":"akswtt11000000e"}}
{"logTime": "0122/113931", "correlationVector":"htjOMoPO8vAj7ScFjubP+X.2","action":"ProcessGetUpdates", "result":"Done", "context":{"dataType":"Extensions", "deleted":"0", "process_failed_to_decrypt":"0", "process_pending_decryption":"0", "process_success":"3", "total":"3"}}
{"logTime": "0122/113931", "correlationVector":"htjOMoPO8vAj7ScFjubP+X.3","action":"ProcessGetUpdates", "result":"Done", "context":{"dataType":"Sessions", "deleted":"0", "process_failed_to_decrypt":"0", "process_pending_decryption":"0", "process_success":"3", "total":"3"}}
{"logTime": "0122/113931", "correlationVector":"htjOMoPO8vAj7ScFjubP+X.4","action":"ProcessGetUpdates", "result":"Done", "context":{"dataType":"Extension settings", "deleted":"0", "process_failed_to_decrypt":"0", "process_pending_decryption":"0", "process_success":"1", "total":"1"}}
{"logTime": "0122/113931", "correlationVector":"htjOMoPO8vAj7ScFjubP+X.5","action":"ProcessGetUpdates", "result":"Done", "context":{"dataType":"Web Apps", "deleted":"0", "process_failed_to_decrypt":"0", "process_pending_decryption":"0", "process_success":"12", "total":"12"}}
{"logTime": "0122/113931", "correlationVector":"htjOMoPO8vAj7ScFjubP+X.6","action":"ProcessGetUpdates", "result":"Done", "context":{"dataType":"Saved Tab Group", "deleted":"0", "process_failed_to_decrypt":"0", "process_pending_decryption":"0", "process_success":"5", "total":"5"}}
{"logTime": "0122/113931", "correlationVector":"htjOMoPO8vAj7ScFjubP+X.7","action":"GetUpdates Response", "result":"Success", "context":Received 24 update(s). cV=htjOMoPO8vAj7ScFjubP+X.0;server=akswtt11000000e;cloudType=Consumer;environment=Prod_southeastasia_prod-s01-065-apac-southeastasia;migrationStage=NotStarted}
{"logTime": "0122/113932", "correlationVector":"wDVr8FDWIFWstUipx1wB6x","action":"SyncServerConnectionManagerRequest", "result":"SYNC_SERVER_ERROR", "context":{"environment":"", "error_type":"http_status_code", "error_value":"400", "migrationStage":"", "server":""}}
{"logTime": "0122/113932", "correlationVector":"3Lh7cSZo0mQfEzUiwmul1H","action":"Initial GetUpdates", "result":"", "context":Reason: NEWLY_SUPPORTED_DATATYPE. cV=3Lh7cSZo0mQfEzUiwmul1H}
{"logTime": "0122/113932", "correlationVector":"3Lh7cSZo0mQfEzUiwmul1H.1","action":"SyncServerConnectionManagerRequest", "result":"SYNC_SERVER_OK", "context":{"environment":"Prod_southeastasia_prod-s01-065-apac-southeastasia", "migrationStage":"NotStarted", "server":"akswtt11000000b"}}
{"logTime": "0122/113932", "correlationVector":"3Lh7cSZo0mQfEzUiwmul1H.2","action":"ProcessGetUpdates", "result":"Done", "context":{"dataType":"History", "deleted":"0", "process_failed_to_decrypt":"0", "process_pending_decryption":"0", "process_success":"29", "total":"29"}}
{"logTime": "0122/113932", "correlationVector":"3Lh7cSZo0mQfEzUiwmul1H.3","action":"GetUpdates Response", "result":"Success", "context":Received 29 update(s). cV=3Lh7cSZo0mQfEzUiwmul1H.0;server=akswtt11000000b;cloudType=Consumer;environment=Prod_southeastasia_prod-s01-065-apac-southeastasia;migrationStage=NotStarted}
{"logTime": "0122/113933", "correlationVector":"vyOFEdXrPPT/KepsaV8TMt","action":"SyncServerConnectionManagerRequest", "result":"SYNC_SERVER_ERROR", "context":{"environment":"", "error_type":"http_status_code", "error_value":"400", "migrationStage":"", "server":""}}
{"logTime": "0122/113933", "correlationVector":"d1u0zvME8+xS9lu5Sx8Xhw","action":"Normal GetUpdate request", "result":"", "context":cV=d1u0zvME8+xS9lu5Sx8Xhw
Nudged types: Sessions, Device Info
Refresh requested types: Bookmarks, Preferences, Extensions, Sessions, Extension settings, History Delete Directives, Device Info, User Consents, Send Tab To Self, Web Apps, History, Saved Tab Group, WebAuthn Credentials, Collection, Edge E Drop, Edge Hub App Usage, Edge Wallet, Encryption Keys}
{"logTime": "0122/113933", "correlationVector":"d1u0zvME8+xS9lu5Sx8Xhw.1","action":"SyncServerConnectionManagerRequest", "result":"SYNC_SERVER_OK", "context":{"environment":"Prod_southeastasia_prod-s01-065-apac-southeastasia", "migrationStage":"NotStarted", "server":"akswtt11000000o"}}
{"logTime": "0122/113933", "correlationVector":"d1u0zvME8+xS9lu5Sx8Xhw.2","action":"GetUpdates Response", "result":"Success", "context":Received 0 update(s). cV=d1u0zvME8+xS9lu5Sx8Xhw.0;server=akswtt11000000o;cloudType=Consumer;environment=Prod_southeastasia_prod-s01-065-apac-southeastasia;migrationStage=NotStarted}
{"logTime": "0122/113933", "correlationVector":"yRiyrB3zFJU6qO4qmM4tTV","action":"DoCompareDataConsistency requsted types: ", "result":"Bookmarks, Preferences, Extensions, Extension settings, History Delete Directives, Send Tab To Self, Web Apps, History, Saved Tab Group, WebAuthn Credentials, Collection, Edge E Drop, Edge Wallet, Encryption Keys"}
{"logTime": "0122/113933", "correlationVector":"yRiyrB3zFJU6qO4qmM4tTV.0","action":"CompareDataConsistency result: ", "result":"Compare result: Encryption Keys is consistent. local entities count is: 1 local entities hash is: 4Owkijd+8bTYHK2dFgT5rzxoeoI="}
{"logTime": "0122/113933", "correlationVector":"yRiyrB3zFJU6qO4qmM4tTV.1","action":"CompareDataConsistency result: ", "result":"Compare result: Bookmarks is consistent. local entities count is: 21 local entities hash is: JT7RqbEg3dE8NhRmJXsZ25h2BYk="}
{"logTime": "0122/113933", "correlationVector":"yRiyrB3zFJU6qO4qmM4tTV.2","action":"CompareDataConsistency result: ", "result":"Compare result: Preferences is consistent. local entities count is: 75 local entities hash is: PhVBB/6WIX5vlWZHKyV0tHFx98w="}
{"logTime": "0122/113933", "correlationVector":"yRiyrB3zFJU6qO4qmM4tTV.3","action":"CompareDataConsistency result: ", "result":"Compare result: Extensions is consistent. local entities count is: 3 local entities hash is: 84U1uepb/smUmjHwTyvLaTOV43g="}
{"logTime": "0122/113933", "correlationVector":"yRiyrB3zFJU6qO4qmM4tTV.4","action":"CompareDataConsistency result: ", "result":"Compare result: Extension settings is consistent. local entities count is: 1 local entities hash is: cfpAvb65SnQSYaT2uf9urV52TPo="}
{"logTime": "0122/113933", "correlationVector":"yRiyrB3zFJU6qO4qmM4tTV.5","action":"CompareDataConsistency result: ", "result":"Compare result: History Delete Directives is consistent. local entities count is: 0 local entities hash is: "}
{"logTime": "0122/113933", "correlationVector":"yRiyrB3zFJU6qO4qmM4tTV.6","action":"CompareDataConsistency result: ", "result":"Server did not send this Send Tab To Self local entities count is: 0 local entities hash is: "}
{"logTime": "0122/113933", "correlationVector":"yRiyrB3zFJU6qO4qmM4tTV.7","action":"CompareDataConsistency result: ", "result":"Compare result: Web Apps is consistent. local entities count is: 12 local entities hash is: R6pibd8czxLdEVKJy1JYAI0im7w="}
{"logTime": "0122/113933", "correlationVector":"yRiyrB3zFJU6qO4qmM4tTV.8","action":"CompareDataConsistency result: ", "result":"Server did not send this History local entities count is: 0 local entities hash is: "}
{"logTime": "0122/113933", "correlationVector":"yRiyrB3zFJU6qO4qmM4tTV.9","action":"CompareDataConsistency result: ", "result":"Compare result: Saved Tab Group is consistent. local entities count is: 5 local entities hash is: T669PnHjiVBHf97ob30CIleoM/U="}
{"logTime": "0122/113933", "correlationVector":"yRiyrB3zFJU6qO4qmM4tTV.10","action":"CompareDataConsistency result: ", "result":"Server did not send this WebAuthn Credentials local entities count is: 0 local entities hash is: "}
{"logTime": "0122/113933", "correlationVector":"yRiyrB3zFJU6qO4qmM4tTV.11","action":"CompareDataConsistency result: ", "result":"Compare result: Collection is consistent. local entities count is: 0 local entities hash is: "}
{"logTime": "0122/113933", "correlationVector":"yRiyrB3zFJU6qO4qmM4tTV.12","action":"CompareDataConsistency result: ", "result":"Compare result: Edge E Drop is consistent. local entities count is: 0 local entities hash is: "}
{"logTime": "0122/113933", "correlationVector":"yRiyrB3zFJU6qO4qmM4tTV.13","action":"CompareDataConsistency result: ", "result":"Compare result: Edge Wallet is consistent. local entities count is: 0 local entities hash is: "}
{"logTime": "0122/113933", "correlationVector":"5qKIylO0fvYmH0uSFpZmWe","action":"Commit Request", "result":"", "context":Item count: 3
Contributing types: Sessions, Device Info}
{"logTime": "0122/113934", "correlationVector":"5qKIylO0fvYmH0uSFpZmWe.1","action":"SyncServerConnectionManagerRequest", "result":"SYNC_SERVER_OK", "context":{"environment":"Prod_southeastasia_prod-s01-065-apac-southeastasia", "migrationStage":"NotStarted", "server":"akswtt110000014"}}
{"logTime": "0122/113934", "correlationVector":"5qKIylO0fvYmH0uSFpZmWe.3","action":"Commit.Device Info", "result":"Conflict", "context":{"id":"", "isDeleted":"false", "size":"538", "version":"-1"}}
{"logTime": "0122/113934", "correlationVector":"5qKIylO0fvYmH0uSFpZmWe.2","action":"Commit Response", "result":"Success", "context":Result: Success. cV=5qKIylO0fvYmH0uSFpZmWe.0;server=akswtt110000014;cloudType=Consumer;environment=Prod_southeastasia_prod-s01-065-apac-southeastasia;migrationStage=NotStarted}
{"logTime": "0122/113935", "correlationVector":"ZjdDRcAw03af+h2DNA6Uhn","action":"SyncServerConnectionManagerRequest", "result":"SYNC_SERVER_ERROR", "context":{"environment":"", "error_type":"http_status_code", "error_value":"400", "migrationStage":"", "server":""}}
{"logTime": "0122/113935", "correlationVector":"","action":"DIAGNOSTIC_REQUEST|v1/diagnosticData/Diagnostic.SendCheckResult()|SUCCESS", "result":""}
{"logTime": "0122/113935", "correlationVector":"VPApMbyliOLjr3NpOzHwdu","action":"Normal GetUpdate request", "result":"", "context":cV=VPApMbyliOLjr3NpOzHwdu
Nudged types: Sessions, Device Info, History
Refresh requested types: Bookmarks, Preferences, Extensions, Sessions, Extension settings, History Delete Directives, Device Info, User Consents, Send Tab To Self, Web Apps, History, Saved Tab Group, WebAuthn Credentials, Collection, Edge E Drop, Edge Hub App Usage, Edge Wallet, Encryption Keys}
{"logTime": "0122/113936", "correlationVector":"VPApMbyliOLjr3NpOzHwdu.1","action":"SyncServerConnectionManagerRequest", "result":"SYNC_SERVER_OK", "context":{"environment":"Prod_southeastasia_prod-s01-065-apac-southeastasia", "migrationStage":"NotStarted", "server":"akswtt110000012"}}
{"logTime": "0122/113936", "correlationVector":"VPApMbyliOLjr3NpOzHwdu.2","action":"ProcessGetUpdates", "result":"Done", "context":{"dataType":"Sessions", "deleted":"0", "process_failed_to_decrypt":"0", "process_pending_decryption":"0", "process_success":"2", "total":"2"}}
{"logTime": "0122/113936", "correlationVector":"VPApMbyliOLjr3NpOzHwdu.3","action":"GetUpdates Response", "result":"Success", "context":Received 2 update(s). cV=VPApMbyliOLjr3NpOzHwdu.0;server=akswtt110000012;cloudType=Consumer;environment=Prod_southeastasia_prod-s01-065-apac-southeastasia;migrationStage=NotStarted}
{"logTime": "0122/113936", "correlationVector":"loXvrN15ZPN6P4aAXeXA7M","action":"Commit Request", "result":"", "context":Item count: 3
Contributing types: Sessions, Device Info, History}
{"logTime": "0122/113937", "correlationVector":"loXvrN15ZPN6P4aAXeXA7M.1","action":"SyncServerConnectionManagerRequest", "result":"SYNC_SERVER_OK", "context":{"environment":"Prod_southeastasia_prod-s01-065-apac-southeastasia", "migrationStage":"NotStarted", "server":"akswtt11000000u"}}
{"logTime": "0122/113937", "correlationVector":"loXvrN15ZPN6P4aAXeXA7M.3","action":"Commit.Device Info", "result":"Conflict", "context":{"id":"", "isDeleted":"false", "size":"538", "version":"-1"}}
{"logTime": "0122/113937", "correlationVector":"loXvrN15ZPN6P4aAXeXA7M.2","action":"Commit Response", "result":"Success", "context":Result: Success. cV=loXvrN15ZPN6P4aAXeXA7M.0;server=akswtt11000000u;cloudType=Consumer;environment=Prod_southeastasia_prod-s01-065-apac-southeastasia;migrationStage=NotStarted}
{"logTime": "0122/113937", "correlationVector":"HhWth7BZDXosbocFQLnfs2","action":"SyncServerConnectionManagerRequest", "result":"SYNC_SERVER_ERROR", "context":{"environment":"", "error_type":"http_status_code", "error_value":"400", "migrationStage":"", "server":""}}
{"logTime": "0122/113938", "correlationVector":"x7Ixe/tzRys6r6HPRsRQEo","action":"Normal GetUpdate request", "result":"", "context":cV=x7Ixe/tzRys6r6HPRsRQEo
Nudged types: Sessions, Device Info, History
Refresh requested types: Bookmarks, Preferences, Extensions, Sessions, Extension settings, History Delete Directives, Device Info, User Consents, Send Tab To Self, Web Apps, History, Saved Tab Group, WebAuthn Credentials, Collection, Edge E Drop, Edge Hub App Usage, Edge Wallet, Encryption Keys}
{"logTime": "0122/113938", "correlationVector":"x7Ixe/tzRys6r6HPRsRQEo.1","action":"SyncServerConnectionManagerRequest", "result":"SYNC_SERVER_OK", "context":{"environment":"Prod_southeastasia_prod-s01-065-apac-southeastasia", "migrationStage":"NotStarted", "server":"akswtt11000000i"}}
{"logTime": "0122/113938", "correlationVector":"x7Ixe/tzRys6r6HPRsRQEo.2","action":"ProcessGetUpdates", "result":"Done", "context":{"dataType":"Sessions", "deleted":"0", "process_failed_to_decrypt":"0", "process_pending_decryption":"0", "process_success":"1", "total":"1"}}
{"logTime": "0122/113938", "correlationVector":"x7Ixe/tzRys6r6HPRsRQEo.3","action":"ProcessGetUpdates", "result":"Done", "context":{"dataType":"History", "deleted":"0", "process_failed_to_decrypt":"0", "process_pending_decryption":"0", "process_success":"1", "total":"1"}}
{"logTime": "0122/113938", "correlationVector":"x7Ixe/tzRys6r6HPRsRQEo.4","action":"GetUpdates Response", "result":"Success", "context":Received 2 update(s). cV=x7Ixe/tzRys6r6HPRsRQEo.0;server=akswtt11000000i;cloudType=Consumer;environment=Prod_southeastasia_prod-s01-065-apac-southeastasia;migrationStage=NotStarted}
{"logTime": "0122/113939", "correlationVector":"XEB19ZXQSfUMstEl3eGzXD","action":"SyncServerConnectionManagerRequest", "result":"SYNC_SERVER_ERROR", "context":{"environment":"", "error_type":"http_status_code", "error_value":"400", "migrationStage":"", "server":""}}
{"logTime": "0122/113941", "correlationVector":"jMGOl4dCnpdFYR5/XEKkGr","action":"Commit Request", "result":"", "context":Item count: 3
Contributing types: Preferences, Sessions, History}
{"logTime": "0122/113942", "correlationVector":"jMGOl4dCnpdFYR5/XEKkGr.1","action":"SyncServerConnectionManagerRequest", "result":"SYNC_SERVER_OK", "context":{"environment":"Prod_southeastasia_prod-s01-065-apac-southeastasia", "migrationStage":"NotStarted", "server":"akswtt11000000s"}}
{"logTime": "0122/113942", "correlationVector":"jMGOl4dCnpdFYR5/XEKkGr.2","action":"Commit Response", "result":"Success", "context":Result: Success. cV=jMGOl4dCnpdFYR5/XEKkGr.0;server=akswtt11000000s;cloudType=Consumer;environment=Prod_southeastasia_prod-s01-065-apac-southeastasia;migrationStage=NotStarted}
{"logTime": "0122/113945", "correlationVector":"C46FzvAvPRFPui8vXGf8db","action":"Normal GetUpdate request", "result":"", "context":cV=C46FzvAvPRFPui8vXGf8db
Nudged types: Device Info
Refresh requested types: Device Info, Encryption Keys}
{"logTime": "0122/113945", "correlationVector":"C46FzvAvPRFPui8vXGf8db.1","action":"SyncServerConnectionManagerRequest", "result":"SYNC_SERVER_OK", "context":{"environment":"Prod_southeastasia_prod-s01-065-apac-southeastasia", "migrationStage":"NotStarted", "server":"akswtt11000000s"}}
{"logTime": "0122/113945", "correlationVector":"C46FzvAvPRFPui8vXGf8db.2","action":"ProcessGetUpdates", "result":"Done", "context":{"dataType":"Preferences", "deleted":"0", "process_failed_to_decrypt":"0", "process_pending_decryption":"0", "process_success":"1", "total":"1"}}
{"logTime": "0122/113945", "correlationVector":"C46FzvAvPRFPui8vXGf8db.3","action":"ProcessGetUpdates", "result":"Done", "context":{"dataType":"Sessions", "deleted":"0", "process_failed_to_decrypt":"0", "process_pending_decryption":"0", "process_success":"1", "total":"1"}}
{"logTime": "0122/113945", "correlationVector":"C46FzvAvPRFPui8vXGf8db.4","action":"ProcessGetUpdates", "result":"Done", "context":{"dataType":"History", "deleted":"0", "process_failed_to_decrypt":"0", "process_pending_decryption":"0", "process_success":"1", "total":"1"}}
{"logTime": "0122/113945", "correlationVector":"C46FzvAvPRFPui8vXGf8db.5","action":"GetUpdates Response", "result":"Success", "context":Received 3 update(s). cV=C46FzvAvPRFPui8vXGf8db.0;server=akswtt11000000s;cloudType=Consumer;environment=Prod_southeastasia_prod-s01-065-apac-southeastasia;migrationStage=NotStarted}
{"logTime": "0122/113945", "correlationVector":"k3fOKidrjK0Yt0dli/tCM3","action":"SyncServerConnectionManagerRequest", "result":"SYNC_SERVER_ERROR", "context":{"environment":"", "error_type":"http_status_code", "error_value":"400", "migrationStage":"", "server":""}}
{"logTime": "0122/114001", "correlationVector":"/jgBlSkflgeU+nd4T5pA2i","action":"Normal GetUpdate request", "result":"", "context":cV=/jgBlSkflgeU+nd4T5pA2i
Nudged types: Device Info
Refresh requested types: Device Info, Encryption Keys}
{"logTime": "0122/114001", "correlationVector":"/jgBlSkflgeU+nd4T5pA2i.1","action":"SyncServerConnectionManagerRequest", "result":"SYNC_SERVER_OK", "context":{"environment":"Prod_southeastasia_prod-s01-065-apac-southeastasia", "migrationStage":"NotStarted", "server":"akswtt110000004"}}
{"logTime": "0122/114001", "correlationVector":"/jgBlSkflgeU+nd4T5pA2i.2","action":"GetUpdates Response", "result":"Success", "context":Received 0 update(s). cV=/jgBlSkflgeU+nd4T5pA2i.0;server=akswtt110000004;cloudType=Consumer;environment=Prod_southeastasia_prod-s01-065-apac-southeastasia;migrationStage=NotStarted}
{"logTime": "0122/114001", "correlationVector":"FfTEq9zBS5BQ2DiRfrnGy/","action":"SyncServerConnectionManagerRequest", "result":"SYNC_SERVER_OK", "context":{"environment":"", "migrationStage":"", "server":""}}
{"logTime": "0122/114001", "correlationVector":"FfTEq9zBS5BQ2DiRfrnGy/.0","action":"EncryptionKeysFetcher.DownloadKeys:", "result":"Success", "context":Key count: 4, Last key timestamp: 2026-01-22T11:01:31Z}
{"logTime": "0122/114001", "correlationVector":"FfTEq9zBS5BQ2DiRfrnGy/.1","action":"EncryptionKeysManager::SetEncryptionKeys:", "result":"Success", "context":Key names[4]:[mOhKYgdQ+q5yuoZ1dculMAhotBPgMzMn00hVR9oYCbEBvON0pS4zWxkkYiVS9P5HjIy3k++5xPXTPkHhcEih/A==][nP5rlKC08VL/rxYumQwtf8mL46E4pt6bwlYfMiFkYbx+7UBMQ9YvB+gWNB/9KF9XEGbadmV96CrP3qkLTt8Sbw==][K6eZdobuL/7hJDSBKcfU3KJ/sVjdSMm0yON3w4seBXGUAuDy09Ly0vntqGIe6pCIHY5NXa4rNeCToCqBjaWAwg==][xUSazDONr2SI7fsCRqlt/OUzmmsG+XsKsenj+DgQvjpqTRZ6+XvPeq0IIwsBYoQ/ZJI3Wkyd4IKPrf6jrszijA==]}
{"logTime": "0122/114001", "correlationVector":"FfTEq9zBS5BQ2DiRfrnGy/.2","action":"EncryptionKeysManager::SetEncryptionKeysWithTimestamps:", "result":"Success", "context":Key timestamps[4]:[2024-06-03T07:55:50Z][2024-11-30T14:58:40Z][2025-05-31T07:02:12Z][2026-01-22T11:01:31Z]}
{"logTime": "0122/114001", "correlationVector":"nFLeYVisgvHF1fZKMR0MXV","action":"Initial GetUpdates", "result":"", "context":Reason: NEWLY_SUPPORTED_DATATYPE. cV=nFLeYVisgvHF1fZKMR0MXV}
{"logTime": "0122/114002", "correlationVector":"nFLeYVisgvHF1fZKMR0MXV.1","action":"SyncServerConnectionManagerRequest", "result":"SYNC_SERVER_OK", "context":{"environment":"Prod_southeastasia_prod-s01-065-apac-southeastasia", "migrationStage":"NotStarted", "server":"akswtt110000004"}}
{"logTime": "0122/114002", "correlationVector":"nFLeYVisgvHF1fZKMR0MXV.2","action":"ProcessGetUpdates", "result":"Done", "context":{"dataType":"Passwords", "deleted":"7", "process_failed_to_decrypt":"0", "process_pending_decryption":"0", "process_success":"35", "total":"35"}}
{"logTime": "0122/114002", "correlationVector":"nFLeYVisgvHF1fZKMR0MXV.3","action":"GetUpdates Response", "result":"Success", "context":Received 35 update(s). cV=nFLeYVisgvHF1fZKMR0MXV.0;server=akswtt110000004;cloudType=Consumer;environment=Prod_southeastasia_prod-s01-065-apac-southeastasia;migrationStage=NotStarted}
{"logTime": "0122/114002", "correlationVector":"gu0+wZ1yVX0UCzWZo7nobJ","action":"Initial GetUpdates", "result":"", "context":Reason: NEWLY_SUPPORTED_DATATYPE. cV=gu0+wZ1yVX0UCzWZo7nobJ}
{"logTime": "0122/114002", "correlationVector":"gu0+wZ1yVX0UCzWZo7nobJ.1","action":"SyncServerConnectionManagerRequest", "result":"SYNC_SERVER_OK", "context":{"environment":"Prod_southeastasia_prod-s01-065-apac-southeastasia", "migrationStage":"NotStarted", "server":"akswtt11000000q"}}
{"logTime": "0122/114002", "correlationVector":"gu0+wZ1yVX0UCzWZo7nobJ.2","action":"ProcessGetUpdates", "result":"Done", "context":{"dataType":"Autofill Profiles", "deleted":"0", "process_failed_to_decrypt":"0", "process_pending_decryption":"0", "process_success":"44", "total":"44"}}
{"logTime": "0122/114002", "correlationVector":"gu0+wZ1yVX0UCzWZo7nobJ.3","action":"ProcessGetUpdates", "result":"Done", "context":{"dataType":"Autofill", "deleted":"0", "process_failed_to_decrypt":"0", "process_pending_decryption":"0", "process_success":"188", "total":"188"}}
{"logTime": "0122/114002", "correlationVector":"gu0+wZ1yVX0UCzWZo7nobJ.4","action":"GetUpdates Response", "result":"Success", "context":Received 232 update(s). cV=gu0+wZ1yVX0UCzWZo7nobJ.0;server=akswtt11000000q;cloudType=Consumer;environment=Prod_southeastasia_prod-s01-065-apac-southeastasia;migrationStage=NotStarted}
{"logTime": "0122/114002", "correlationVector":"Xe6GIggKs3PSFo4zgvpIMh","action":"Normal GetUpdate request", "result":"", "context":cV=Xe6GIggKs3PSFo4zgvpIMh
Nudged types: Device Info
Refresh requested types: Bookmarks, Preferences, Passwords, Autofill Profiles, Autofill, Extensions, Sessions, Extension settings, History Delete Directives, Device Info, User Consents, Send Tab To Self, Web Apps, History, Saved Tab Group, WebAuthn Credentials, Collection, Edge E Drop, Edge Hub App Usage, Edge Wallet, Encryption Keys}
{"logTime": "0122/114002", "correlationVector":"Xe6GIggKs3PSFo4zgvpIMh.1","action":"SyncServerConnectionManagerRequest", "result":"SYNC_SERVER_OK", "context":{"environment":"Prod_southeastasia_prod-s01-065-apac-southeastasia", "migrationStage":"NotStarted", "server":"akswtt11000000j"}}
{"logTime": "0122/114002", "correlationVector":"Xe6GIggKs3PSFo4zgvpIMh.2","action":"GetUpdates Response", "result":"Success", "context":Received 0 update(s). cV=Xe6GIggKs3PSFo4zgvpIMh.0;server=akswtt11000000j;cloudType=Consumer;environment=Prod_southeastasia_prod-s01-065-apac-southeastasia;migrationStage=NotStarted}
{"logTime": "0122/114006", "correlationVector":"Qr2kDzsOvwBPwzN9GeU0T2","action":"Commit Request", "result":"", "context":Item count: 29
Contributing types: Preferences, Passwords}
{"logTime": "0122/114008", "correlationVector":"Qr2kDzsOvwBPwzN9GeU0T2.1","action":"SyncServerConnectionManagerRequest", "result":"SYNC_SERVER_OK", "context":{"environment":"Prod_southeastasia_prod-s01-065-apac-southeastasia", "migrationStage":"NotStarted", "server":"akswtt11000000k"}}
{"logTime": "0122/114008", "correlationVector":"Qr2kDzsOvwBPwzN9GeU0T2.2","action":"Commit Response", "result":"Success", "context":Result: Success. cV=Qr2kDzsOvwBPwzN9GeU0T2.0;server=akswtt11000000k;cloudType=Consumer;environment=Prod_southeastasia_prod-s01-065-apac-southeastasia;migrationStage=NotStarted}
{"logTime": "0122/114022", "correlationVector":"f1U2ZX9SPCGHRJt8+38LGw","action":"Normal GetUpdate request", "result":"", "context":cV=f1U2ZX9SPCGHRJt8+38LGw
Nudged types: Device Info
Refresh requested types: Device Info}
{"logTime": "0122/114022", "correlationVector":"f1U2ZX9SPCGHRJt8+38LGw.1","action":"SyncServerConnectionManagerRequest", "result":"SYNC_SERVER_OK", "context":{"environment":"Prod_southeastasia_prod-s01-065-apac-southeastasia", "migrationStage":"NotStarted", "server":"akswtt11000000r"}}
{"logTime": "0122/114022", "correlationVector":"f1U2ZX9SPCGHRJt8+38LGw.2","action":"ProcessGetUpdates", "result":"Done", "context":{"dataType":"Preferences", "deleted":"0", "process_failed_to_decrypt":"0", "process_pending_decryption":"0", "process_success":"1", "total":"1"}}
{"logTime": "0122/114022", "correlationVector":"f1U2ZX9SPCGHRJt8+38LGw.3","action":"ProcessGetUpdates", "result":"Done", "context":{"dataType":"Passwords", "deleted":"0", "process_failed_to_decrypt":"0", "process_pending_decryption":"0", "process_success":"28", "total":"28"}}
{"logTime": "0122/114022", "correlationVector":"f1U2ZX9SPCGHRJt8+38LGw.4","action":"GetUpdates Response", "result":"Success", "context":Received 29 update(s). cV=f1U2ZX9SPCGHRJt8+38LGw.0;server=akswtt11000000r;cloudType=Consumer;environment=Prod_southeastasia_prod-s01-065-apac-southeastasia;migrationStage=NotStarted}
{"logTime": "0122/114022", "correlationVector":"6suJtrTtYIbKWXUkZblnV6","action":"Commit Request", "result":"", "context":Item count: 1
Contributing types: Device Info}
{"logTime": "0122/114023", "correlationVector":"6suJtrTtYIbKWXUkZblnV6.1","action":"SyncServerConnectionManagerRequest", "result":"SYNC_SERVER_OK", "context":{"environment":"Prod_southeastasia_prod-s01-065-apac-southeastasia", "migrationStage":"NotStarted", "server":"akswtt110000003"}}
{"logTime": "0122/114023", "correlationVector":"6suJtrTtYIbKWXUkZblnV6.2","action":"Commit Response", "result":"Success", "context":Result: Success. cV=6suJtrTtYIbKWXUkZblnV6.0;server=akswtt110000003;cloudType=Consumer;environment=Prod_southeastasia_prod-s01-065-apac-southeastasia;migrationStage=NotStarted}
{"logTime": "0122/114023", "correlationVector":"6suJtrTtYIbKWXUkZblnV6.3","action":"Commit.Device Info", "result":"Conflict", "context":{"id":"", "isDeleted":"false", "size":"538", "version":"-1"}}
{"logTime": "0122/114747", "correlationVector":"znz+CkAVwJHchEsOVVskFW","action":"Commit Request", "result":"", "context":Item count: 1
Contributing types: History}
{"logTime": "0122/114748", "correlationVector":"znz+CkAVwJHchEsOVVskFW.1","action":"SyncServerConnectionManagerRequest", "result":"SYNC_SERVER_OK", "context":{"environment":"Prod_southeastasia_prod-s01-064-apac-southeastasia", "migrationStage":"NotStarted", "server":"akswtt110000010"}}
{"logTime": "0122/114748", "correlationVector":"znz+CkAVwJHchEsOVVskFW.2","action":"Commit Response", "result":"Success", "context":Result: Success. cV=znz+CkAVwJHchEsOVVskFW.0;server=akswtt110000010;cloudType=Consumer;environment=Prod_southeastasia_prod-s01-064-apac-southeastasia;migrationStage=NotStarted}
{"logTime": "0122/114748", "correlationVector":"jBlyVrbfHIh8fmaXJRyXMQ","action":"Normal GetUpdate request", "result":"", "context":cV=jBlyVrbfHIh8fmaXJRyXMQ
Nudged types: Device Info
Refresh requested types: Device Info}
{"logTime": "0122/114748", "correlationVector":"jBlyVrbfHIh8fmaXJRyXMQ.1","action":"SyncServerConnectionManagerRequest", "result":"SYNC_SERVER_OK", "context":{"environment":"Prod_southeastasia_prod-s01-064-apac-southeastasia", "migrationStage":"NotStarted", "server":"akswtt110000015"}}
{"logTime": "0122/114748", "correlationVector":"jBlyVrbfHIh8fmaXJRyXMQ.2","action":"ProcessGetUpdates", "result":"Done", "context":{"dataType":"History", "deleted":"0", "process_failed_to_decrypt":"0", "process_pending_decryption":"0", "process_success":"1", "total":"1"}}
{"logTime": "0122/114748", "correlationVector":"jBlyVrbfHIh8fmaXJRyXMQ.3","action":"GetUpdates Response", "result":"Success", "context":Received 1 update(s). cV=jBlyVrbfHIh8fmaXJRyXMQ.0;server=akswtt110000015;cloudType=Consumer;environment=Prod_southeastasia_prod-s01-064-apac-southeastasia;migrationStage=NotStarted}
{"logTime": "0122/114748", "correlationVector":"ry5IiCmx9zquGohYvSPIUA","action":"Commit Request", "result":"", "context":Item count: 1
Contributing types: Device Info}
{"logTime": "0122/114749", "correlationVector":"ry5IiCmx9zquGohYvSPIUA.1","action":"SyncServerConnectionManagerRequest", "result":"SYNC_SERVER_OK", "context":{"environment":"Prod_southeastasia_prod-s01-064-apac-southeastasia", "migrationStage":"NotStarted", "server":"akswtt11000000q"}}
{"logTime": "0122/114749", "correlationVector":"ry5IiCmx9zquGohYvSPIUA.3","action":"Commit.Device Info", "result":"Conflict", "context":{"id":"", "isDeleted":"false", "size":"538", "version":"-1"}}
{"logTime": "0122/114749", "correlationVector":"ry5IiCmx9zquGohYvSPIUA.2","action":"Commit Response", "result":"Success", "context":Result: Success. cV=ry5IiCmx9zquGohYvSPIUA.0;server=akswtt11000000q;cloudType=Consumer;environment=Prod_southeastasia_prod-s01-064-apac-southeastasia;migrationStage=NotStarted}
{"logTime": "0122/114750", "correlationVector":"daDhKbq6T12tQL0F/YcUdc","action":"Commit Request", "result":"", "context":Item count: 3
Contributing types: Sessions, History}
{"logTime": "0122/114751", "correlationVector":"daDhKbq6T12tQL0F/YcUdc.1","action":"SyncServerConnectionManagerRequest", "result":"SYNC_SERVER_OK", "context":{"environment":"Prod_southeastasia_prod-s01-064-apac-southeastasia", "migrationStage":"NotStarted", "server":"akswtt110000014"}}
{"logTime": "0122/114751", "correlationVector":"daDhKbq6T12tQL0F/YcUdc.2","action":"Commit Response", "result":"Success", "context":Result: Success. cV=daDhKbq6T12tQL0F/YcUdc.0;server=akswtt110000014;cloudType=Consumer;environment=Prod_southeastasia_prod-s01-064-apac-southeastasia;migrationStage=NotStarted}
{"logTime": "0122/115038", "correlationVector":"W9mV985l7w1Y05dnmExEqL","action":"Normal GetUpdate request", "result":"", "context":cV=W9mV985l7w1Y05dnmExEqL
Nudged types: Device Info
Refresh requested types: Device Info}
{"logTime": "0122/115039", "correlationVector":"W9mV985l7w1Y05dnmExEqL.1","action":"SyncServerConnectionManagerRequest", "result":"SYNC_SERVER_OK", "context":{"environment":"Prod_southeastasia_prod-s01-064-apac-southeastasia", "migrationStage":"NotStarted", "server":"akswtt11000000u"}}
{"logTime": "0122/115039", "correlationVector":"W9mV985l7w1Y05dnmExEqL.2","action":"ProcessGetUpdates", "result":"Done", "context":{"dataType":"Sessions", "deleted":"0", "process_failed_to_decrypt":"0", "process_pending_decryption":"0", "process_success":"1", "total":"1"}}
{"logTime": "0122/115039", "correlationVector":"W9mV985l7w1Y05dnmExEqL.3","action":"ProcessGetUpdates", "result":"Done", "context":{"dataType":"History", "deleted":"0", "process_failed_to_decrypt":"0", "process_pending_decryption":"0", "process_success":"2", "total":"2"}}
{"logTime": "0122/115039", "correlationVector":"W9mV985l7w1Y05dnmExEqL.4","action":"GetUpdates Response", "result":"Success", "context":Received 3 update(s). cV=W9mV985l7w1Y05dnmExEqL.0;server=akswtt11000000u;cloudType=Consumer;environment=Prod_southeastasia_prod-s01-064-apac-southeastasia;migrationStage=NotStarted}
{"logTime": "0122/115039", "correlationVector":"Pc6ulWSYoyBlgTnQ/VprcN","action":"Commit Request", "result":"", "context":Item count: 1
Contributing types: Device Info}
{"logTime": "0122/115039", "correlationVector":"Pc6ulWSYoyBlgTnQ/VprcN.1","action":"SyncServerConnectionManagerRequest", "result":"SYNC_SERVER_OK", "context":{"environment":"Prod_southeastasia_prod-s01-064-apac-southeastasia", "migrationStage":"NotStarted", "server":"akswtt110000015"}}
{"logTime": "0122/115039", "correlationVector":"Pc6ulWSYoyBlgTnQ/VprcN.3","action":"Commit.Device Info", "result":"Conflict", "context":{"id":"", "isDeleted":"false", "size":"538", "version":"-1"}}
{"logTime": "0122/115039", "correlationVector":"Pc6ulWSYoyBlgTnQ/VprcN.2","action":"Commit Response", "result":"Success", "context":Result: Success. cV=Pc6ulWSYoyBlgTnQ/VprcN.0;server=akswtt110000015;cloudType=Consumer;environment=Prod_southeastasia_prod-s01-064-apac-southeastasia;migrationStage=NotStarted}
